Microchip MPLAB XC8 Compiler V2.32

Linker command line:

-W-3 --edf=C:\Program Files\Microchip\xc8\v2.32\pic\dat\en_msgs.txt -cn \
  -h+dist/default/production\ft991_cat.X.production.sym \
  --cmf=dist/default/production\ft991_cat.X.production.cmf -z -Q16F1705 \
  -oC:\Users\ooe\AppData\Local\Temp\xcAssj4.4 --defsym=__MPLAB_BUILD=1 \
  -Mdist/default/production/ft991_cat.X.production.map -E1 \
  -ver=XC8 Compiler --acfsm=1493 -ASTACK=02032h-023EFh -pstack=STACK \
  -ACODE=00h-07FFhx4 -ASTRCODE=00h-01FFFh -ASTRING=00h-0FFhx32 \
  -ACONST=00h-0FFhx32 -AENTRY=00h-0FFhx32 -ACOMMON=070h-07Fh \
  -ABANK0=020h-06Fh -ABANK1=0A0h-0EFh -ABANK2=0120h-016Fh \
  -ABANK3=01A0h-01EFh -ABANK4=0220h-026Fh -ABANK5=02A0h-02EFh \
  -ABANK6=0320h-036Fh -ABANK7=03A0h-03EFh -ABANK8=0420h-046Fh \
  -ABANK9=04A0h-04EFh -ABANK10=0520h-056Fh -ABANK11=05A0h-05EFh \
  -ABANK12=0620h-064Fh -ABIGRAM=02000h-023EFh \
  -ARAM=020h-06Fh,0A0h-0EFh,0120h-016Fh,01A0h-01EFh,0220h-026Fh,02A0h-02EFh,0320h-036Fh,03A0h-03EFh,0420h-046Fh,04A0h-04EFh,0520h-056Fh,05A0h-05EFh,0620h-064Fh \
  -AABS1=020h-07Fh,0A0h-0EFh,0120h-016Fh,01A0h-01EFh,0220h-026Fh,02A0h-02EFh,0320h-036Fh,03A0h-03EFh,0420h-046Fh,04A0h-04EFh,0520h-056Fh,05A0h-05EFh,0620h-064Fh \
  -ASFR0=00h-01Fh -ASFR1=080h-09Fh -ASFR2=0100h-011Fh -ASFR3=0180h-019Fh \
  -ASFR4=0200h-021Fh -ASFR5=0280h-029Fh -ASFR6=0300h-031Fh \
  -ASFR7=0380h-039Fh -ASFR8=0400h-041Fh -ASFR9=0480h-049Fh \
  -ASFR10=0500h-051Fh -ASFR11=0580h-059Fh -ASFR12=0600h-061Fh \
  -ASFR13=0680h-06EFh -ASFR14=0700h-076Fh -ASFR15=0780h-07EFh \
  -ASFR16=0800h-086Fh -ASFR17=0880h-08EFh -ASFR18=0900h-096Fh \
  -ASFR19=0980h-09EFh -ASFR20=0A00h-0A6Fh -ASFR21=0A80h-0AEFh \
  -ASFR22=0B00h-0B6Fh -ASFR23=0B80h-0BEFh -ASFR24=0C00h-0C6Fh \
  -ASFR25=0C80h-0CEFh -ASFR26=0D00h-0D6Fh -ASFR27=0D80h-0DEFh \
  -ASFR28=0E00h-0E6Fh -ASFR29=0E80h-0EEFh -ASFR30=0F00h-0F6Fh \
  -ASFR31=0F80h-0FEFh -ACONFIG=08007h-08008h -DCONFIG=2 \
  -AIDLOC=08000h-08003h -DIDLOC=2 -DCODE=2 -DSTRCODE=2 -DSTRING=2 -DCONST=2 \
  -DENTRY=2 -preset_vec=00h,intentry=04h,init,end_init -ppowerup=CODE \
  -pcinit=CODE -pfunctab=ENTRY -k C:\Users\ooe\AppData\Local\Temp\xcAssj4.o \
  dist/default/production\ft991_cat.X.production.o 

Object code version is 3.11

Machine type is 16F1705



                Name                               Link     Load   Length Selector   Space Scale
C:\Users\ooe\AppData\Local\Temp\xcAssj4.o
                end_init                             13       13        2        8       0
                reset_vec                             0        0        2        0       0
                config                             8007     8007        2        0       4
                idloc                              8000     8000        4        0       5
dist/default/production\ft991_cat.X.production.o
                cinit                                15       15        C        8       0
                intentry                              4        4        F        8       0
                config                             8007     8007        2        0       4
                idloc                              8000     8000        4        0       5
                text26                              308      308       1F      588       0
                text25                               C9       C9       93        8       0
                text24                              1E7      1E7       3F        8       0
                text23                              418      418        1      830       0
                text22                              3B1      3B1       10      588       0
                text20                              3F0      3F0        6      588       0
                text19                              3EA      3EA        6      588       0
                text18                              3E4      3E4        6      588       0
                text17                              27B      27B       26        8       0
                text16                              3C1      3C1        D      588       0
                text15                              252      252       29        8       0
                text14                              3DE      3DE        6      588       0
                text13                              33E      33E       16      588       0
                text12                              411      411        4      822       0
                text11                              3A1      3A1       10      588       0
                text10                              369      369       15      588       0
                text9                               390      390       11      588       0
                text8                               226      226       2C        8       0
                text7                               354      354       15      588       0
                text6                                21       21       A8        8       0
                text5                               3CE      3CE        A      588       0
                text4                               2E6      2E6       22      588       0
                text3                               2C4      2C4       22      588       0
                text2                               15C      15C       8B        8       0
                text1                               37E      37E       12      588       0
                maintext                            327      327       17      588       0
                cstackBANK0                          45       45        D       20       1
                cstackCOMMON                         70       70        E       70       1
                clrtext                             3D8      3D8        6      588       0
                bssBANK0                             20       20       25       20       1
                stringtext8                         415      415        3      82A       0
                stringtext7                         40D      40D        4      7EC       0
                stringtext6                         409      409        4      7EC       0
                stringtext5                         405      405        4      7EC       0
                stringtext4                         400      400        5      7EC       0
                stringtext3                         3FB      3FB        5      7EC       0
                stringtext2                         3F6      3F6        5      7EC       0
                stringtext1                         2A1      2A1       23      542       0

TOTAL           Name                               Link     Load   Length     Space
        CLASS   STACK          

        CLASS   CODE           
                end_init                             13       13        2         0
                cinit                                15       15        C         0
                intentry                              4        4        F         0
                reset_vec                             0        0        2         0
                text26                              308      308       1F         0
                text25                               C9       C9       93         0
                text24                              1E7      1E7       3F         0
                text23                              418      418        1         0
                text22                              3B1      3B1       10         0
                text20                              3F0      3F0        6         0
                text19                              3EA      3EA        6         0
                text18                              3E4      3E4        6         0
                text17                              27B      27B       26         0
                text16                              3C1      3C1        D         0
                text15                              252      252       29         0
                text14                              3DE      3DE        6         0
                text13                              33E      33E       16         0
                text12                              411      411        4         0
                text11                              3A1      3A1       10         0
                text10                              369      369       15         0
                text9                               390      390       11         0
                text8                               226      226       2C         0
                text7                               354      354       15         0
                text6                                21       21       A8         0
                text5                               3CE      3CE        A         0
                text4                               2E6      2E6       22         0
                text3                               2C4      2C4       22         0
                text2                               15C      15C       8B         0
                text1                               37E      37E       12         0
                maintext                            327      327       17         0
                clrtext                             3D8      3D8        6         0

        CLASS   STRCODE        
                stringtext8                         415      415        3         0
                stringtext7                         40D      40D        4         0
                stringtext6                         409      409        4         0
                stringtext5                         405      405        4         0
                stringtext4                         400      400        5         0
                stringtext3                         3FB      3FB        5         0
                stringtext2                         3F6      3F6        5         0
                stringtext1                         2A1      2A1       23         0

        CLASS   STRING         

        CLASS   CONST          

        CLASS   ENTRY          

        CLASS   COMMON         
                cstackCOMMON                         70       70        E         1

        CLASS   BANK0          
                cstackBANK0                          45       45        D         1
                bssBANK0                             20       20       25         1

        CLASS   BANK1          

        CLASS   BANK2          

        CLASS   BANK3          

        CLASS   BANK4          

        CLASS   BANK5          

        CLASS   BANK6          

        CLASS   BANK7          

        CLASS   BANK8          

        CLASS   BANK9          

        CLASS   BANK10         

        CLASS   BANK11         

        CLASS   BANK12         

        CLASS   BIGRAM         

        CLASS   RAM            

        CLASS   ABS1           
                abs_s1                               7E       7E        2         1

        CLASS   SFR0           

        CLASS   SFR1           

        CLASS   SFR2           

        CLASS   SFR3           

        CLASS   SFR4           

        CLASS   SFR5           

        CLASS   SFR6           

        CLASS   SFR7           

        CLASS   SFR8           

        CLASS   SFR9           

        CLASS   SFR10          

        CLASS   SFR11          

        CLASS   SFR12          

        CLASS   SFR13          

        CLASS   SFR14          

        CLASS   SFR15          

        CLASS   SFR16          

        CLASS   SFR17          

        CLASS   SFR18          

        CLASS   SFR19          

        CLASS   SFR20          

        CLASS   SFR21          

        CLASS   SFR22          

        CLASS   SFR23          

        CLASS   SFR24          

        CLASS   SFR25          

        CLASS   SFR26          

        CLASS   SFR27          

        CLASS   SFR28          

        CLASS   SFR29          

        CLASS   SFR30          

        CLASS   SFR31          

        CLASS   CONFIG         
                config                             8007     8007        2         4

        CLASS   IDLOC          
                idloc                              8000     8000        4         5

        CLASS   BANK31         

        CLASS   BANK30         

        CLASS   BANK29         

        CLASS   BANK28         

        CLASS   BANK27         

        CLASS   BANK26         

        CLASS   BANK25         

        CLASS   BANK24         

        CLASS   BANK23         

        CLASS   BANK22         

        CLASS   BANK21         

        CLASS   BANK20         

        CLASS   BANK19         

        CLASS   BANK18         

        CLASS   BANK17         

        CLASS   BANK16         

        CLASS   BANK15         

        CLASS   BANK14         

        CLASS   BANK13         

        CLASS   EEDATA         



SEGMENTS        Name                           Load    Length   Top    Selector   Space  Class     Delta

                reset_vec                      000000  000002  000002         0       0  CODE        2
                intentry                       000004  00029D  0002A1         8       0  CODE        2
                bssBANK0                       000020  000032  000052        20       1  BANK0       1
                cstackCOMMON                   000070  00000E  00007E        70       1  COMMON      1
                stringtext1                    0002A1  000023  0002C4       542       0  STRCODE     2
                text3                          0002C4  000132  0003F6       588       0  CODE        2
                stringtext2                    0003F6  00001B  000411       7EC       0  STRCODE     2
                text12                         000411  000004  000415       822       0  CODE        2
                stringtext8                    000415  000003  000418       82A       0  STRCODE     2
                text23                         000418  000001  000419       830       0  CODE        2


UNUSED ADDRESS RANGES

        Name                Unused          Largest block    Delta
        BANK0            00052-0006F              1E           1
        BANK1            000A0-000EF              50           1
        BANK10           00520-0056F              50           1
        BANK11           005A0-005EF              50           1
        BANK12           00620-0064F              30           1
        BANK2            00120-0016F              50           1
        BANK3            001A0-001EF              50           1
        BANK4            00220-0026F              50           1
        BANK5            002A0-002EF              50           1
        BANK6            00320-0036F              50           1
        BANK7            003A0-003EF              50           1
        BANK8            00420-0046F              50           1
        BANK9            004A0-004EF              50           1
        BIGRAM           02000-023EF             3F0           1
        CODE             00002-00003               2           2
                         00419-01FFF             800
        CONST            00002-00003               2           2
                         00419-01FFF             100
        ENTRY            00002-00003               2           2
                         00419-01FFF             100
        RAM              00052-0006F              1E           1
                         000A0-000EF              50
                         00120-0016F              50
                         001A0-001EF              50
                         00220-0026F              50
                         002A0-002EF              50
                         00320-0036F              50
                         003A0-003EF              50
                         00420-0046F              50
                         004A0-004EF              50
                         00520-0056F              50
                         005A0-005EF              50
                         00620-0064F              30
        SFR0             00000-0001F              20           1
        SFR1             00080-0009F              20           1
        SFR10            00500-0051F              20           1
        SFR11            00580-0059F              20           1
        SFR12            00600-0061F              20           1
        SFR13            00680-006EF              70           1
        SFR14            00700-0076F              70           1
        SFR15            00780-007EF              70           1
        SFR16            00800-0086F              70           1
        SFR17            00880-008EF              70           1
        SFR18            00900-0096F              70           1
        SFR19            00980-009EF              70           1
        SFR2             00100-0011F              20           1
        SFR20            00A00-00A6F              70           1
        SFR21            00A80-00AEF              70           1
        SFR22            00B00-00B6F              70           1
        SFR23            00B80-00BEF              70           1
        SFR24            00C00-00C6F              70           1
        SFR25            00C80-00CEF              70           1
        SFR26            00D00-00D6F              70           1
        SFR27            00D80-00DEF              70           1
        SFR28            00E00-00E6F              70           1
        SFR29            00E80-00EEF              70           1
        SFR3             00180-0019F              20           1
        SFR30            00F00-00F6F              70           1
        SFR31            00F80-00FEF              70           1
        SFR4             00200-0021F              20           1
        SFR5             00280-0029F              20           1
        SFR6             00300-0031F              20           1
        SFR7             00380-0039F              20           1
        SFR8             00400-0041F              20           1
        SFR9             00480-0049F              20           1
        STACK            02032-023EF             3BE           1
        STRCODE          00002-00003               2           2
                         00419-01FFF            1BE7
        STRING           00002-00003               2           2
                         00419-01FFF             100

                                  Symbol Table

?___wmul                                       cstackCOMMON 00070
EUSART_SetErrorHandler@interruptHandler        cstackBANK0  00048
EUSART_SetFramingErrorHandler@interruptHandler cstackBANK0  00048
EUSART_SetOverrunErrorHandler@interruptHandler cstackBANK0  00048
EUSART_Write@txData                            cstackBANK0  00048
TMR0_SetInterruptHandler@InterruptHandler      cstackBANK0  00048
_ANSELA                                        (abs)        0018C
_ANSELC                                        (abs)        0018E
_BAUD1CON                                      (abs)        0019F
_BORCON                                        (abs)        00116
_EUSART_DefaultErrorHandler                    (abs)        00000
_EUSART_DefaultFramingErrorHandler             (abs)        00000
_EUSART_DefaultOverrunErrorHandler             (abs)        00000
_EUSART_ErrorHandler                           bssBANK0     0002A
_EUSART_FramingErrorHandler                    bssBANK0     0002E
_EUSART_Initialize                             text17       0027B
_EUSART_OverrunErrorHandler                    bssBANK0     0002C
_EUSART_SetErrorHandler                        text20       003F0
_EUSART_SetFramingErrorHandler                 text19       003EA
_EUSART_SetOverrunErrorHandler                 text18       003E4
_EUSART_Write                                  text5        003CE
_INLVLA                                        (abs)        0038C
_INLVLC                                        (abs)        0038E
_INTCONbits                                    (abs)        0000B
_INTERRUPT_InterruptManager                    intentry     00004
_LATA                                          (abs)        0010C
_LATAbits                                      (abs)        0010C
_LATC                                          (abs)        0010E
_LATCbits                                      (abs)        0010E
_ODCONA                                        (abs)        0028C
_ODCONC                                        (abs)        0028E
_OPTION_REG                                    (abs)        00095
_OPTION_REGbits                                (abs)        00095
_OSCCON                                        (abs)        00099
_OSCILLATOR_Initialize                         text16       003C1
_OSCSTAT                                       (abs)        0009A
_OSCTUNE                                       (abs)        00098
_PIN_MANAGER_Initialize                        text15       00252
_PIR1bits                                      (abs)        00011
_PLLR                                          (abs)        004D6
_PORTAbits                                     (abs)        0000C
_PORTCbits                                     (abs)        0000E
_RC1REG                                        (abs)        00199
_RC1STA                                        (abs)        0019D
_RC1STAbits                                    (abs)        0019D
_RC4PPS                                        (abs)        00EA4
_RXPPS                                         (abs)        00E24
_SLRCONA                                       (abs)        0030C
_SLRCONC                                       (abs)        0030E
_SP1BRGH                                       (abs)        0019C
_SP1BRGL                                       (abs)        0019B
_SYSTEM_Initialize                             text11       003A1
_TMR0                                          (abs)        00015
_TMR0_DefaultInterruptHandler                  text23       00418
_TMR0_ISR                                      text22       003B1
_TMR0_Initialize                               text13       0033E
_TMR0_InterruptHandler                         bssBANK0     00030
_TMR0_SetInterruptHandler                      text14       003DE
_TRISA                                         (abs)        0008C
_TRISC                                         (abs)        0008E
_TX1REG                                        (abs)        0019A
_TX1STA                                        (abs)        0019E
_TX1STAbits                                    (abs)        0019E
_WDTCON                                        (abs)        00097
_WDT_Initialize                                text12       00411
_WPUA                                          (abs)        0020C
_WPUC                                          (abs)        0020E
__Habs1                                        abs1         00000
__Hbank0                                       bank0        00000
__Hbank1                                       bank1        00000
__Hbank10                                      bank10       00000
__Hbank11                                      bank11       00000
__Hbank12                                      bank12       00000
__Hbank13                                      bank13       00000
__Hbank14                                      bank14       00000
__Hbank15                                      bank15       00000
__Hbank16                                      bank16       00000
__Hbank17                                      bank17       00000
__Hbank18                                      bank18       00000
__Hbank19                                      bank19       00000
__Hbank2                                       bank2        00000
__Hbank20                                      bank20       00000
__Hbank21                                      bank21       00000
__Hbank22                                      bank22       00000
__Hbank23                                      bank23       00000
__Hbank24                                      bank24       00000
__Hbank25                                      bank25       00000
__Hbank26                                      bank26       00000
__Hbank27                                      bank27       00000
__Hbank28                                      bank28       00000
__Hbank29                                      bank29       00000
__Hbank3                                       bank3        00000
__Hbank30                                      bank30       00000
__Hbank31                                      bank31       00000
__Hbank4                                       bank4        00000
__Hbank5                                       bank5        00000
__Hbank6                                       bank6        00000
__Hbank7                                       bank7        00000
__Hbank8                                       bank8        00000
__Hbank9                                       bank9        00000
__Hbigram                                      bigram       00000
__HbssBANK0                                    bssBANK0     00000
__Hcinit                                       cinit        00021
__Hclrtext                                     clrtext      00000
__Hcode                                        code         00000
__Hcommon                                      common       00000
__Hconfig                                      config       08009
__HcstackBANK0                                 cstackBANK0  00000
__HcstackCOMMON                                cstackCOMMON 00000
__Heeprom_data                                 eeprom_data  00000
__Hend_init                                    end_init     00015
__Hfunctab                                     functab      00000
__Hidloc                                       idloc        08004
__Hinit                                        init         00013
__Hintentry                                    intentry     00013
__Hmaintext                                    maintext     00000
__Hpowerup                                     powerup      00000
__Hram                                         ram          00000
__Hreset_vec                                   reset_vec    00002
__Hsfr0                                        sfr0         00000
__Hsfr1                                        sfr1         00000
__Hsfr10                                       sfr10        00000
__Hsfr11                                       sfr11        00000
__Hsfr12                                       sfr12        00000
__Hsfr13                                       sfr13        00000
__Hsfr14                                       sfr14        00000
__Hsfr15                                       sfr15        00000
__Hsfr16                                       sfr16        00000
__Hsfr17                                       sfr17        00000
__Hsfr18                                       sfr18        00000
__Hsfr19                                       sfr19        00000
__Hsfr2                                        sfr2         00000
__Hsfr20                                       sfr20        00000
__Hsfr21                                       sfr21        00000
__Hsfr22                                       sfr22        00000
__Hsfr23                                       sfr23        00000
__Hsfr24                                       sfr24        00000
__Hsfr25                                       sfr25        00000
__Hsfr26                                       sfr26        00000
__Hsfr27                                       sfr27        00000
__Hsfr28                                       sfr28        00000
__Hsfr29                                       sfr29        00000
__Hsfr3                                        sfr3         00000
__Hsfr30                                       sfr30        00000
__Hsfr31                                       sfr31        00000
__Hsfr4                                        sfr4         00000
__Hsfr5                                        sfr5         00000
__Hsfr6                                        sfr6         00000
__Hsfr7                                        sfr7         00000
__Hsfr8                                        sfr8         00000
__Hsfr9                                        sfr9         00000
__Hspace_0                                     (abs)        00419
__Hspace_1                                     (abs)        0007E
__Hspace_2                                     (abs)        00000
__Hspace_3                                     (abs)        00000
__Hspace_4                                     (abs)        10010
__Hstack                                       stack        00000
__Hstrings                                     strings      00000
__Hstringtext1                                 stringtext1  00000
__Hstringtext2                                 stringtext2  00000
__Hstringtext3                                 stringtext3  00000
__Hstringtext4                                 stringtext4  00000
__Hstringtext5                                 stringtext5  00000
__Hstringtext6                                 stringtext6  00000
__Hstringtext7                                 stringtext7  00000
__Hstringtext8                                 stringtext8  00000
__Hstringtext9                                 stringtext9  00000
__Htext                                        text         00000
__Labs1                                        abs1         00000
__Lbank0                                       bank0        00000
__Lbank1                                       bank1        00000
__Lbank10                                      bank10       00000
__Lbank11                                      bank11       00000
__Lbank12                                      bank12       00000
__Lbank13                                      bank13       00000
__Lbank14                                      bank14       00000
__Lbank15                                      bank15       00000
__Lbank16                                      bank16       00000
__Lbank17                                      bank17       00000
__Lbank18                                      bank18       00000
__Lbank19                                      bank19       00000
__Lbank2                                       bank2        00000
__Lbank20                                      bank20       00000
__Lbank21                                      bank21       00000
__Lbank22                                      bank22       00000
__Lbank23                                      bank23       00000
__Lbank24                                      bank24       00000
__Lbank25                                      bank25       00000
__Lbank26                                      bank26       00000
__Lbank27                                      bank27       00000
__Lbank28                                      bank28       00000
__Lbank29                                      bank29       00000
__Lbank3                                       bank3        00000
__Lbank30                                      bank30       00000
__Lbank31                                      bank31       00000
__Lbank4                                       bank4        00000
__Lbank5                                       bank5        00000
__Lbank6                                       bank6        00000
__Lbank7                                       bank7        00000
__Lbank8                                       bank8        00000
__Lbank9                                       bank9        00000
__Lbigram                                      bigram       00000
__LbssBANK0                                    bssBANK0     00000
__Lcinit                                       cinit        00015
__Lclrtext                                     clrtext      00000
__Lcode                                        code         00000
__Lcommon                                      common       00000
__Lconfig                                      config       00000
__LcstackBANK0                                 cstackBANK0  00000
__LcstackCOMMON                                cstackCOMMON 00000
__Leeprom_data                                 eeprom_data  00000
__Lend_init                                    end_init     00013
__Lfunctab                                     functab      00000
__Lidloc                                       idloc        00000
__Linit                                        init         00013
__Lintentry                                    intentry     00004
__Lmaintext                                    maintext     00000
__Lpowerup                                     powerup      00000
__Lram                                         ram          00000
__Lreset_vec                                   reset_vec    00000
__Lsfr0                                        sfr0         00000
__Lsfr1                                        sfr1         00000
__Lsfr10                                       sfr10        00000
__Lsfr11                                       sfr11        00000
__Lsfr12                                       sfr12        00000
__Lsfr13                                       sfr13        00000
__Lsfr14                                       sfr14        00000
__Lsfr15                                       sfr15        00000
__Lsfr16                                       sfr16        00000
__Lsfr17                                       sfr17        00000
__Lsfr18                                       sfr18        00000
__Lsfr19                                       sfr19        00000
__Lsfr2                                        sfr2         00000
__Lsfr20                                       sfr20        00000
__Lsfr21                                       sfr21        00000
__Lsfr22                                       sfr22        00000
__Lsfr23                                       sfr23        00000
__Lsfr24                                       sfr24        00000
__Lsfr25                                       sfr25        00000
__Lsfr26                                       sfr26        00000
__Lsfr27                                       sfr27        00000
__Lsfr28                                       sfr28        00000
__Lsfr29                                       sfr29        00000
__Lsfr3                                        sfr3         00000
__Lsfr30                                       sfr30        00000
__Lsfr31                                       sfr31        00000
__Lsfr4                                        sfr4         00000
__Lsfr5                                        sfr5         00000
__Lsfr6                                        sfr6         00000
__Lsfr7                                        sfr7         00000
__Lsfr8                                        sfr8         00000
__Lsfr9                                        sfr9         00000
__Lspace_0                                     (abs)        00000
__Lspace_1                                     (abs)        00000
__Lspace_2                                     (abs)        00000
__Lspace_3                                     (abs)        00000
__Lspace_4                                     (abs)        00000
__Lstack                                       stack        00000
__Lstrings                                     strings      00000
__Lstringtext1                                 stringtext1  00000
__Lstringtext2                                 stringtext2  00000
__Lstringtext3                                 stringtext3  00000
__Lstringtext4                                 stringtext4  00000
__Lstringtext5                                 stringtext5  00000
__Lstringtext6                                 stringtext6  00000
__Lstringtext7                                 stringtext7  00000
__Lstringtext8                                 stringtext8  00000
__Lstringtext9                                 stringtext9  00000
__Ltext                                        text         00000
__S0                                           (abs)        00419
__S1                                           (abs)        0007E
__S2                                           (abs)        00000
___int_sp                                      stack        00000
___latbits                                     (abs)        00002
___sp                                          stack        00000
___stackhi                                     (abs)        023EF
___stacklo                                     (abs)        02032
___wmul                                        text26       00308
___wmul@multiplicand                           cstackCOMMON 00072
___wmul@multiplier                             cstackCOMMON 00070
___wmul@product                                cstackCOMMON 00074
__end_of_EUSART_Initialize                     text17       002A1
__end_of_EUSART_SetErrorHandler                text20       003F6
__end_of_EUSART_SetFramingErrorHandler         text19       003F0
__end_of_EUSART_SetOverrunErrorHandler         text18       003EA
__end_of_EUSART_Write                          text5        003D8
__end_of_INTERRUPT_InterruptManager            intentry     00013
__end_of_OSCILLATOR_Initialize                 text16       003CE
__end_of_PIN_MANAGER_Initialize                text15       0027B
__end_of_SYSTEM_Initialize                     text11       003B1
__end_of_TMR0_DefaultInterruptHandler          text23       00419
__end_of_TMR0_ISR                              text22       003C1
__end_of_TMR0_Initialize                       text13       00354
__end_of_TMR0_SetInterruptHandler              text14       003E4
__end_of_WDT_Initialize                        text12       00415
__end_of___wmul                                text26       00327
__end_of__initialization                       cinit        0001D
__end_of_add_cmd_buf                           text7        00369
__end_of_add_work_buf                          text10       0037E
__end_of_bs_work_buf                           text9        003A1
__end_of_clear_buf                             text8        00252
__end_of_decode_key                            text2        001E7
__end_of_key                                   stringtext1  002BF
__end_of_main                                  maintext     0033E
__end_of_parse_work_buf                        text6        000C9
__end_of_scan_row                              text25       0015C
__end_of_send_cmd                              text4        00308
__end_of_send_freq                             text3        002E6
__end_of_setup                                 text1        00390
__end_of_timer_int_callback                    text24       00226
__initialization                               cinit        00015
__pbssBANK0                                    bssBANK0     00020
__pcstackBANK0                                 cstackBANK0  00045
__pcstackCOMMON                                cstackCOMMON 00070
__pintentry                                    intentry     00004
__pmaintext                                    maintext     00327
__pstringtext1                                 stringtext1  002A1
__pstringtext2                                 stringtext2  003F6
__pstringtext3                                 stringtext3  003FB
__pstringtext4                                 stringtext4  00400
__pstringtext5                                 stringtext5  00405
__pstringtext6                                 stringtext6  00409
__pstringtext7                                 stringtext7  0040D
__pstringtext8                                 stringtext8  00415
__pstringtext9                                 stringtext9  00000
__ptext1                                       text1        0037E
__ptext10                                      text10       00369
__ptext11                                      text11       003A1
__ptext12                                      text12       00411
__ptext13                                      text13       0033E
__ptext14                                      text14       003DE
__ptext15                                      text15       00252
__ptext16                                      text16       003C1
__ptext17                                      text17       0027B
__ptext18                                      text18       003E4
__ptext19                                      text19       003EA
__ptext2                                       text2        0015C
__ptext20                                      text20       003F0
__ptext22                                      text22       003B1
__ptext23                                      text23       00418
__ptext24                                      text24       001E7
__ptext25                                      text25       000C9
__ptext26                                      text26       00308
__ptext3                                       text3        002C4
__ptext4                                       text4        002E6
__ptext5                                       text5        003CE
__ptext6                                       text6        00021
__ptext7                                       text7        00354
__ptext8                                       text8        00226
__ptext9                                       text9        00390
__size_of_EUSART_Initialize                    (abs)        00000
__size_of_EUSART_SetErrorHandler               (abs)        00000
__size_of_EUSART_SetFramingErrorHandler        (abs)        00000
__size_of_EUSART_SetOverrunErrorHandler        (abs)        00000
__size_of_EUSART_Write                         (abs)        00000
__size_of_INTERRUPT_InterruptManager           (abs)        00000
__size_of_OSCILLATOR_Initialize                (abs)        00000
__size_of_PIN_MANAGER_Initialize               (abs)        00000
__size_of_SYSTEM_Initialize                    (abs)        00000
__size_of_TMR0_DefaultInterruptHandler         (abs)        00000
__size_of_TMR0_ISR                             (abs)        00000
__size_of_TMR0_Initialize                      (abs)        00000
__size_of_TMR0_SetInterruptHandler             (abs)        00000
__size_of_WDT_Initialize                       (abs)        00000
__size_of___wmul                               (abs)        00000
__size_of_add_cmd_buf                          (abs)        00000
__size_of_add_work_buf                         (abs)        00000
__size_of_bs_work_buf                          (abs)        00000
__size_of_clear_buf                            (abs)        00000
__size_of_decode_key                           (abs)        00000
__size_of_main                                 (abs)        00000
__size_of_parse_work_buf                       (abs)        00000
__size_of_scan_row                             (abs)        00000
__size_of_send_cmd                             (abs)        00000
__size_of_send_freq                            (abs)        00000
__size_of_setup                                (abs)        00000
__size_of_timer_int_callback                   (abs)        00000
_add_cmd_buf                                   text7        00354
_add_work_buf                                  text10       00369
_bs_work_buf                                   text9        00390
_clear_buf                                     text8        00226
_cmd_buf                                       bssBANK0     0003B
_cmd_cur_pos                                   bssBANK0     00033
_decode_key                                    text2        0015C
_eusartRxLastError                             bssBANK0     00039
_fast_mode                                     bssBANK0     00035
_key                                           stringtext1  002A1
_key_code                                      bssBANK0     00037
_last_code                                     bssBANK0     00038
_lock_mode                                     bssBANK0     00036
_main                                          maintext     00327
_parse_work_buf                                text6        00021
_scan_row                                      text25       000C9
_send_cmd                                      text4        002E6
_send_freq                                     text3        002C4
_setup                                         text1        0037E
_timer0ReloadVal                               bssBANK0     0003A
_timer_int_callback                            text24       001E7
_work_buf                                      bssBANK0     00020
_work_cur_pos                                  bssBANK0     00034
add_cmd_buf@key                                cstackBANK0  00049
add_work_buf@key                               cstackBANK0  00049
btemp                                          (abs)        0007E
clear_buf@i                                    cstackBANK0  00049
clear_ram0                                     clrtext      003D8
decode_key@key                                 cstackBANK0  00051
end_of_initialization                          cinit        0001D
int$flags                                      (abs)        0007E
intlevel0                                      functab      00000
intlevel1                                      functab      00000
intlevel2                                      functab      00000
intlevel3                                      functab      00000
intlevel4                                      functab      00000
intlevel5                                      functab      00000
parse_work_buf@i                               cstackBANK0  0004B
parse_work_buf@j                               cstackBANK0  0004D
reset_vec                                      reset_vec    00000
scan_row@col                                   cstackCOMMON 0007D
scan_row@row                                   cstackCOMMON 0007C
send_cmd@cmd                                   cstackBANK0  00049
send_cmd@p                                     cstackBANK0  0004C
start                                          init         00013
start_initialization                           cinit        00015
timer_int_callback@code                        cstackBANK0  00047
timer_int_callback@i                           cstackBANK0  00046
timer_int_callback@repeat                      bssBANK0     00032
wtemp0                                         (abs)        0007E


MODULE INFORMATION

Module		Function		Class		Link	Load	Size
mcc_generated_files/interrupt_manager.c
		_INTERRUPT_InterruptManager		CODE           	0004	0000	15

mcc_generated_files/interrupt_manager.c estimated size: 15

mcc_generated_files/tmr0.c
		_TMR0_SetInterruptHandler		CODE           	03DE	0000	6
		_TMR0_DefaultInterruptHandler		CODE           	0418	0000	1
		_TMR0_ISR      		CODE           	03B1	0000	16
		_TMR0_Initialize		CODE           	033E	0000	22

mcc_generated_files/tmr0.c estimated size: 45

mcc_generated_files/pin_manager.c
		_PIN_MANAGER_Initialize		CODE           	0252	0000	41

mcc_generated_files/pin_manager.c estimated size: 41

C:\Program Files\Microchip\xc8\v2.32\pic\sources\c99\common\Umul16.c
		___wmul        		CODE           	0308	0000	31

C:\Program Files\Microchip\xc8\v2.32\pic\sources\c99\common\Umul16.c estimated size: 31

shared
		__initialization		CODE           	0015	0000	8
		_key           		STRCODE        	02A1	0000	30

shared estimated size: 38

mcc_generated_files/mcc.c
		_WDT_Initialize		CODE           	0411	0000	4
		_OSCILLATOR_Initialize		CODE           	03C1	0000	13
		_SYSTEM_Initialize		CODE           	03A1	0000	16

mcc_generated_files/mcc.c estimated size: 33

mcc_generated_files/eusart.c
		_EUSART_Write  		CODE           	03CE	0000	10
		_EUSART_Initialize		CODE           	027B	0000	38
		_EUSART_SetFramingErrorHandler		CODE           	03EA	0000	6
		_EUSART_SetErrorHandler		CODE           	03F0	0000	6
		_EUSART_SetOverrunErrorHandler		CODE           	03E4	0000	6

mcc_generated_files/eusart.c estimated size: 66

main.c
		_add_cmd_buf   		CODE           	0354	0000	21
		_send_cmd      		CODE           	02E6	0000	34
		_main          		CODE           	0327	0000	23
		_parse_work_buf		CODE           	0021	0000	168
		_decode_key    		CODE           	015C	0000	139
		_send_freq     		CODE           	02C4	0000	34
		_setup         		CODE           	037E	0000	18
		_clear_buf     		CODE           	0226	0000	44
		_bs_work_buf   		CODE           	0390	0000	17
		_add_work_buf  		CODE           	0369	0000	21
		_timer_int_callback		CODE           	01E7	0000	63
		_scan_row      		CODE           	00C9	0000	147

main.c estimated size: 729

